// Jest Snapshot v1, https://goo.gl/fbAQLP

exports[`App component renders App 1`] = `
<DocumentFragment>
  <div>
    <h1>
      POOL PARTY + Navigation
    </h1>
  </div>
  <div>
    <div>
      <img
        src="/path/image"
      />
    </div>
    <div>
      <form
        class="loginForm"
      >
        <label>
          Email
        </label>
        <input
          placeholder="Enter email as username"
          required=""
          type="plain/text"
          value=""
        />
        <label>
          Password
        </label>
        <input
          placeholder="Type Password"
          required=""
          type="password"
          value=""
        />
        <button>
          Log In
        </button>
      </form>
    </div>
    <a
      href="/tenantSignUp"
    >
      Need to signup? Click here.
    </a>
  </div>
</DocumentFragment>
`;
